2025-09-25 02:13:14,763 - telescope_file - INFO - Test message from simple test [User: admin]
2025-09-25 02:13:14,800 - telescope_file - INFO - Test login successful [User: admin] [Data: {"success": true}]
2025-09-25 02:13:14,838 - telescope_file - INFO - Test telescope movement [User: admin] [Command: test_command]
2025-09-25 02:14:16,091 - telescope_file - INFO - Test message [User: admin]
2025-09-25 02:47:38,716 - telescope_file - INFO - Test message from simple test [User: admin]
2025-09-25 02:47:38,760 - telescope_file - INFO - Test login successful [User: admin] [Data: {"success": true}]
2025-09-25 02:47:38,813 - telescope_file - INFO - Test telescope movement [User: admin] [Command: test_command]
2025-09-25 02:49:16,778 - telescope_file - INFO - System started successfully [User: admin]
2025-09-25 02:49:16,816 - telescope_file - INFO - Configuration loaded [User: admin]
2025-09-25 02:49:16,854 - telescope_file - WARNING - Low disk space detected [User: system]
2025-09-25 02:49:16,888 - telescope_file - ERROR - Database connection failed [User: system]
2025-09-25 02:51:07,035 - telescope_file - INFO - Telescope movement initiated to Alt: 45.0°, Az: 180.0° [User: admin] [Command: move_tel] [Data: {"coordinates": {"alt": 45.0, "az": 180.0}}]
2025-09-25 02:51:07,084 - telescope_file - INFO - Telescope successfully moved to target position [User: admin] [Command: move_tel] [Data: {"coordinates": {"alt": 45.0, "az": 180.0}}]
2025-09-25 02:51:07,131 - telescope_file - INFO - Login attempt started [User: admin] [Data: {"success": true}]
2025-09-25 02:51:07,178 - telescope_file - INFO - User logged in successfully [User: admin] [Data: {"success": true}]
2025-09-25 02:51:07,276 - telescope_file - INFO - New user 'newuser' created successfully [User: admin] [Data: {"target_user": "newuser"}]
2025-09-25 02:51:07,362 - telescope_file - INFO - User 'newuser' role changed from 'operator' to 'admin' [User: admin] [Data: {"target_user": "newuser"}]
2025-09-25 02:51:07,721 - telescope_file - INFO - Converting RA/Dec to Alt/Az coordinates [User: admin] [Command: convert_radec_to_altaz] [Data: {"input": {"ra": "12h34m56s", "dec": "+45\u00b030'15\""}, "location": {"lat": 40.0, "lon": -74.0}}]
2025-09-25 02:51:07,772 - telescope_file - INFO - RA/Dec successfully converted to Alt/Az [User: admin] [Command: convert_radec_to_altaz] [Data: {"input": {"ra": "12h34m56s", "dec": "+45\u00b030'15\""}, "output": {"alt": 45.5, "az": 180.2}, "location": {"lat": 40.0, "lon": -74.0}}]
2025-09-25 02:52:31,442 - telescope_file - INFO - Telescope movement initiated to Alt: 45.0°, Az: 180.0° [User: admin] [Command: move_tel] [Data: {"coordinates": {"alt": 45.0, "az": 180.0}}]
2025-09-25 02:52:31,484 - telescope_file - INFO - Telescope successfully moved to target position [User: admin] [Command: move_tel] [Data: {"coordinates": {"alt": 45.0, "az": 180.0}}]
2025-09-25 02:52:31,519 - telescope_file - INFO - Login attempt started [User: admin] [Data: {"success": true}]
2025-09-25 02:52:31,575 - telescope_file - INFO - User logged in successfully [User: admin] [Data: {"success": true}]
2025-09-25 02:52:31,628 - telescope_file - INFO - New user 'newuser' created successfully [User: admin] [Data: {"target_user": "newuser"}]
2025-09-25 02:52:31,702 - telescope_file - INFO - User 'newuser' role changed from 'operator' to 'admin' [User: admin] [Data: {"target_user": "newuser"}]
2025-09-25 02:52:31,741 - telescope_file - INFO - Converting RA/Dec to Alt/Az coordinates [User: admin] [Command: convert_radec_to_altaz] [Data: {"input": {"ra": "12h34m56s", "dec": "+45\u00b030'15\""}, "location": {"lat": 40.0, "lon": -74.0}}]
2025-09-25 02:52:31,779 - telescope_file - INFO - RA/Dec successfully converted to Alt/Az [User: admin] [Command: convert_radec_to_altaz] [Data: {"input": {"ra": "12h34m56s", "dec": "+45\u00b030'15\""}, "output": {"alt": 45.5, "az": 180.2}, "location": {"lat": 40.0, "lon": -74.0}}]
2025-09-25 02:52:32,008 - telescope_file - CRITICAL - Multiple failed login attempts detected [User: suspicious_user] [Data: {"ip_address": "192.168.1.100"}]
